2026-07-09 20:48:26,442 - root - INFO - [Deck.py:25] - Deck Initialised
2026-07-09 20:48:26,442 - root - INFO - [Deck.py:39] - Deck Shuffled
2026-07-09 20:48:26,442 - root - INFO - [Round.py:66] - tst_bot4 checks.
2026-07-09 20:48:26,442 - root - INFO - [Round.py:66] - tst_bot checks.
2026-07-09 20:48:26,442 - root - INFO - [Round.py:90] - tst_bot2 bets 7. Chips remaining : 993
2026-07-09 20:48:26,443 - root - INFO - [Round.py:106] - tst_bot3 calls with 7 and raises by 2. Chips remaining : 991
2026-07-09 20:48:26,443 - root - INFO - [Round.py:76] - tst_bot4 calls with 9. Chips remaining : 991
2026-07-09 20:48:26,443 - root - INFO - [Round.py:76] - tst_bot calls with 9. Chips remaining : 991
2026-07-09 20:48:26,443 - root - INFO - [Round.py:106] - tst_bot2 calls with 2 and raises by 8. Chips remaining : 983
2026-07-09 20:48:26,443 - root - INFO - [Round.py:76] - tst_bot3 calls with 8. Chips remaining : 983
2026-07-09 20:48:26,443 - root - INFO - [Round.py:106] - tst_bot4 calls with 8 and raises by 1. Chips remaining : 982
2026-07-09 20:48:26,443 - root - INFO - [Round.py:76] - tst_bot calls with 9. Chips remaining : 982
2026-07-09 20:48:26,443 - root - INFO - [Round.py:106] - tst_bot2 calls with 1 and raises by 6. Chips remaining : 976
2026-07-09 20:48:26,443 - root - INFO - [Round.py:106] - tst_bot3 calls with 7 and raises by 7. Chips remaining : 969
2026-07-09 20:48:26,443 - root - INFO - [Round.py:76] - tst_bot4 calls with 13. Chips remaining : 969
2026-07-09 20:48:26,443 - root - INFO - [Round.py:76] - tst_bot calls with 13. Chips remaining : 969
2026-07-09 20:48:26,443 - root - INFO - [Round.py:106] - tst_bot2 calls with 7 and raises by 6. Chips remaining : 963
2026-07-09 20:48:26,443 - root - INFO - [Round.py:76] - tst_bot3 calls with 6. Chips remaining : 963
2026-07-09 20:48:26,443 - root - INFO - [Round.py:106] - tst_bot4 calls with 6 and raises by 9. Chips remaining : 954
2026-07-09 20:48:26,443 - root - INFO - [Round.py:76] - tst_bot calls with 15. Chips remaining : 954
2026-07-09 20:48:26,443 - root - INFO - [Round.py:76] - tst_bot2 calls with 9. Chips remaining : 954
2026-07-09 20:48:26,443 - root - INFO - [Round.py:76] - tst_bot3 calls with 9. Chips remaining : 954
2026-07-09 20:48:26,443 - root - INFO - [Table.py:42] - Flop : |♠K| |♦6| |♣6|
2026-07-09 20:48:26,443 - root - INFO - [Round.py:66] - tst_bot4 checks.
2026-07-09 20:48:26,443 - root - INFO - [Round.py:66] - tst_bot checks.
2026-07-09 20:48:26,444 - root - INFO - [Round.py:66] - tst_bot2 checks.
2026-07-09 20:48:26,444 - root - INFO - [Round.py:66] - tst_bot3 checks.
2026-07-09 20:48:26,444 - root - INFO - [Table.py:42] - River : |♠K| |♦6| |♣6| |♥Q|
2026-07-09 20:48:26,444 - root - INFO - [Round.py:90] - tst_bot4 bets 7. Chips remaining : 947
2026-07-09 20:48:26,444 - root - INFO - [Round.py:76] - tst_bot calls with 7. Chips remaining : 947
2026-07-09 20:48:26,444 - root - INFO - [Round.py:76] - tst_bot2 calls with 7. Chips remaining : 947
2026-07-09 20:48:26,444 - root - INFO - [Round.py:76] - tst_bot3 calls with 7. Chips remaining : 947
2026-07-09 20:48:26,444 - root - INFO - [Table.py:42] - Turn : |♠K| |♦6| |♣6| |♥Q| |♥A|
2026-07-09 20:48:26,444 - root - INFO - [Round.py:66] - tst_bot4 checks.
2026-07-09 20:48:26,444 - root - INFO - [Round.py:66] - tst_bot checks.
2026-07-09 20:48:26,444 - root - INFO - [Round.py:66] - tst_bot2 checks.
2026-07-09 20:48:26,444 - root - INFO - [Round.py:90] - tst_bot3 bets 6. Chips remaining : 941
2026-07-09 20:48:26,444 - root - INFO - [Round.py:106] - tst_bot4 calls with 6 and raises by 9. Chips remaining : 932
2026-07-09 20:48:26,444 - root - INFO - [Round.py:76] - tst_bot calls with 15. Chips remaining : 932
2026-07-09 20:48:26,444 - root - INFO - [Round.py:76] - tst_bot2 calls with 15. Chips remaining : 932
2026-07-09 20:48:26,444 - root - INFO - [Round.py:76] - tst_bot3 calls with 9. Chips remaining : 932
2026-07-09 20:48:26,445 - poker_engine.objects.Table - INFO - [Table.py:63] - [('tst_bot4', 4), ('tst_bot', 2), ('tst_bot2', 2), ('tst_bot3', 2)]
2026-07-09 20:48:26,445 - poker_engine.objects.Table - INFO - [Table.py:66] - [('tst_bot4', (4, 13, 12, 11, 5, 5)), ('tst_bot', (2, 13, 12, 11, 9, 7)), ('tst_bot2', (2, 13, 12, 11, 8, 5)), ('tst_bot3', (2, 13, 12, 11, 7, 5))]
